[     365ms] [ERROR] Failed to load resource: net::ERR_FAILED @ https://gc.kis.v2.scr.kaspersky-labs.com/FD126C42-EBFA-4E12-B309-BB3FDD723AC1/main.js?attr=PLclid3HLOe6zO45PGcmmBaVPoF8YE1y_9U70-1SUIKxvc01v_8jUI8pQQSSu8cr:0
[    2839ms] [ERROR] Error: No value provided for variable {scale}
    at https://springhub.vercel.app/_next/static/chunks/d0deef33.8939d2e5cad19017.js:1:1497
    at String.replace (<anonymous>)
    at M (https://springhub.vercel.app/_next/static/chunks/d0deef33.8939d2e5cad19017.js:1:1442)
    at e.getTileUrl (https://springhub.vercel.app/_next/static/chunks/d0deef33.8939d2e5cad19017.js:1:117717)
    at e.createTile (https://springhub.vercel.app/_next/static/chunks/d0deef33.8939d2e5cad19017.js:1:117460)
    at e._addTile (https://springhub.vercel.app/_next/static/chunks/d0deef33.8939d2e5cad19017.js:1:115074)
    at e._update (https://springhub.vercel.app/_next/static/chunks/d0deef33.8939d2e5cad19017.js:1:113763)
    at e._setView (https://springhub.vercel.app/_next/static/chunks/d0deef33.8939d2e5cad19017.js:1:111510)
    at e._resetView (https://springhub.vercel.app/_next/static/chunks/d0deef33.8939d2e5cad19017.js:1:110845)
    at e.onAdd (https://springhub.vercel.app/_next/static/chunks/d0deef33.8939d2e5cad19017.js:1:106433) @ https://springhub.vercel.app/_next/static/chunks/7023-19040ea5e943cc7d.js:0
[    3242ms] [ERROR] Failed to fetch RSC payload for https://springhub.vercel.app/help. Falling back to browser navigation. TypeError: Cannot read properties of undefined (reading 'call')
    at h (https://springhub.vercel.app/_next/static/chunks/webpack-8536bed1c3ae533b.js:1:158)
    at w (https://springhub.vercel.app/_next/static/chunks/7023-19040ea5e943cc7d.js:2:15080)
    at https://springhub.vercel.app/_next/static/chunks/7023-19040ea5e943cc7d.js:2:17059
    at A._fromJSON (https://springhub.vercel.app/_next/static/chunks/7023-19040ea5e943cc7d.js:2:17497)
    at JSON.parse (<anonymous>)
    at E (https://springhub.vercel.app/_next/static/chunks/7023-19040ea5e943cc7d.js:2:14812)
    at t (https://springhub.vercel.app/_next/static/chunks/7023-19040ea5e943cc7d.js:2:20711) @ https://springhub.vercel.app/_next/static/chunks/7023-19040ea5e943cc7d.js:0
[    3260ms] [ERROR] Failed to fetch RSC payload for https://springhub.vercel.app/report-issue. Falling back to browser navigation. TypeError: Cannot read properties of undefined (reading 'call')
    at h (https://springhub.vercel.app/_next/static/chunks/webpack-8536bed1c3ae533b.js:1:158)
    at w (https://springhub.vercel.app/_next/static/chunks/7023-19040ea5e943cc7d.js:2:15080)
    at https://springhub.vercel.app/_next/static/chunks/7023-19040ea5e943cc7d.js:2:17059
    at A._fromJSON (https://springhub.vercel.app/_next/static/chunks/7023-19040ea5e943cc7d.js:2:17497)
    at JSON.parse (<anonymous>)
    at E (https://springhub.vercel.app/_next/static/chunks/7023-19040ea5e943cc7d.js:2:14812)
    at t (https://springhub.vercel.app/_next/static/chunks/7023-19040ea5e943cc7d.js:2:20711) @ https://springhub.vercel.app/_next/static/chunks/7023-19040ea5e943cc7d.js:0
[    3489ms] [ERROR] Failed to fetch RSC payload for https://springhub.vercel.app/faq. Falling back to browser navigation. TypeError: Cannot read properties of undefined (reading 'call')
    at h (https://springhub.vercel.app/_next/static/chunks/webpack-8536bed1c3ae533b.js:1:158)
    at w (https://springhub.vercel.app/_next/static/chunks/7023-19040ea5e943cc7d.js:2:15080)
    at https://springhub.vercel.app/_next/static/chunks/7023-19040ea5e943cc7d.js:2:17059
    at A._fromJSON (https://springhub.vercel.app/_next/static/chunks/7023-19040ea5e943cc7d.js:2:17497)
    at JSON.parse (<anonymous>)
    at E (https://springhub.vercel.app/_next/static/chunks/7023-19040ea5e943cc7d.js:2:14812)
    at t (https://springhub.vercel.app/_next/static/chunks/7023-19040ea5e943cc7d.js:2:20711) @ https://springhub.vercel.app/_next/static/chunks/7023-19040ea5e943cc7d.js:0
[    3615ms] [ERROR] Failed to fetch RSC payload for https://springhub.vercel.app/privacy. Falling back to browser navigation. TypeError: Cannot read properties of undefined (reading 'call')
    at h (https://springhub.vercel.app/_next/static/chunks/webpack-8536bed1c3ae533b.js:1:158)
    at w (https://springhub.vercel.app/_next/static/chunks/7023-19040ea5e943cc7d.js:2:15080)
    at https://springhub.vercel.app/_next/static/chunks/7023-19040ea5e943cc7d.js:2:17059
    at A._fromJSON (https://springhub.vercel.app/_next/static/chunks/7023-19040ea5e943cc7d.js:2:17497)
    at JSON.parse (<anonymous>)
    at E (https://springhub.vercel.app/_next/static/chunks/7023-19040ea5e943cc7d.js:2:14812)
    at t (https://springhub.vercel.app/_next/static/chunks/7023-19040ea5e943cc7d.js:2:20711) @ https://springhub.vercel.app/_next/static/chunks/7023-19040ea5e943cc7d.js:0
[    3701ms] [ERROR] Failed to fetch RSC payload for https://springhub.vercel.app/terms. Falling back to browser navigation. TypeError: Cannot read properties of undefined (reading 'call')
    at h (https://springhub.vercel.app/_next/static/chunks/webpack-8536bed1c3ae533b.js:1:158)
    at w (https://springhub.vercel.app/_next/static/chunks/7023-19040ea5e943cc7d.js:2:15080)
    at https://springhub.vercel.app/_next/static/chunks/7023-19040ea5e943cc7d.js:2:17059
    at A._fromJSON (https://springhub.vercel.app/_next/static/chunks/7023-19040ea5e943cc7d.js:2:17497)
    at JSON.parse (<anonymous>)
    at E (https://springhub.vercel.app/_next/static/chunks/7023-19040ea5e943cc7d.js:2:14812)
    at t (https://springhub.vercel.app/_next/static/chunks/7023-19040ea5e943cc7d.js:2:20711) @ https://springhub.vercel.app/_next/static/chunks/7023-19040ea5e943cc7d.js:0
[    4127ms] [ERROR] Failed to fetch RSC payload for https://springhub.vercel.app/sign-in. Falling back to browser navigation. TypeError: Cannot read properties of undefined (reading 'call')
    at h (https://springhub.vercel.app/_next/static/chunks/webpack-8536bed1c3ae533b.js:1:158)
    at w (https://springhub.vercel.app/_next/static/chunks/7023-19040ea5e943cc7d.js:2:15080)
    at https://springhub.vercel.app/_next/static/chunks/7023-19040ea5e943cc7d.js:2:17059
    at A._fromJSON (https://springhub.vercel.app/_next/static/chunks/7023-19040ea5e943cc7d.js:2:17497)
    at JSON.parse (<anonymous>)
    at E (https://springhub.vercel.app/_next/static/chunks/7023-19040ea5e943cc7d.js:2:14812)
    at t (https://springhub.vercel.app/_next/static/chunks/7023-19040ea5e943cc7d.js:2:20711) @ https://springhub.vercel.app/_next/static/chunks/7023-19040ea5e943cc7d.js:0
[    4153ms] [ERROR] Failed to fetch RSC payload for https://springhub.vercel.app/join. Falling back to browser navigation. TypeError: Cannot read properties of undefined (reading 'call')
    at h (https://springhub.vercel.app/_next/static/chunks/webpack-8536bed1c3ae533b.js:1:158)
    at w (https://springhub.vercel.app/_next/static/chunks/7023-19040ea5e943cc7d.js:2:15080)
    at https://springhub.vercel.app/_next/static/chunks/7023-19040ea5e943cc7d.js:2:17059
    at A._fromJSON (https://springhub.vercel.app/_next/static/chunks/7023-19040ea5e943cc7d.js:2:17497)
    at JSON.parse (<anonymous>)
    at E (https://springhub.vercel.app/_next/static/chunks/7023-19040ea5e943cc7d.js:2:14812)
    at t (https://springhub.vercel.app/_next/static/chunks/7023-19040ea5e943cc7d.js:2:20711) @ https://springhub.vercel.app/_next/static/chunks/7023-19040ea5e943cc7d.js:0
[   46272ms] [WARNING] Deprecated API for given entry type. @ :20
[   46272ms] [WARNING] Deprecated API for given entry type. @ :23
[ 2719063ms] [ERROR] Failed to fetch RSC payload for https://springhub.vercel.app/sign-in. Falling back to browser navigation. TypeError: Cannot read properties of undefined (reading 'call')
    at h (https://springhub.vercel.app/_next/static/chunks/webpack-8536bed1c3ae533b.js:1:158)
    at w (https://springhub.vercel.app/_next/static/chunks/7023-19040ea5e943cc7d.js:2:15080)
    at https://springhub.vercel.app/_next/static/chunks/7023-19040ea5e943cc7d.js:2:17059
    at A._fromJSON (https://springhub.vercel.app/_next/static/chunks/7023-19040ea5e943cc7d.js:2:17497)
    at JSON.parse (<anonymous>)
    at E (https://springhub.vercel.app/_next/static/chunks/7023-19040ea5e943cc7d.js:2:14812)
    at t (https://springhub.vercel.app/_next/static/chunks/7023-19040ea5e943cc7d.js:2:20711) @ https://springhub.vercel.app/_next/static/chunks/7023-19040ea5e943cc7d.js:0
[ 2719081ms] [ERROR] Failed to fetch RSC payload for https://springhub.vercel.app/join. Falling back to browser navigation. TypeError: Cannot read properties of undefined (reading 'call')
    at h (https://springhub.vercel.app/_next/static/chunks/webpack-8536bed1c3ae533b.js:1:158)
    at w (https://springhub.vercel.app/_next/static/chunks/7023-19040ea5e943cc7d.js:2:15080)
    at https://springhub.vercel.app/_next/static/chunks/7023-19040ea5e943cc7d.js:2:17059
    at A._fromJSON (https://springhub.vercel.app/_next/static/chunks/7023-19040ea5e943cc7d.js:2:17497)
    at JSON.parse (<anonymous>)
    at E (https://springhub.vercel.app/_next/static/chunks/7023-19040ea5e943cc7d.js:2:14812)
    at t (https://springhub.vercel.app/_next/static/chunks/7023-19040ea5e943cc7d.js:2:20711) @ https://springhub.vercel.app/_next/static/chunks/7023-19040ea5e943cc7d.js:0
